Archive member included to satisfy reference by file (symbol)

C:\Users\unknown\git\lpc_chip_175x_6x\Debug\liblpc_chip_175x_6x.a(chip_17xx_40xx.o)
                              ./freeRTOS/src/port.o (SystemCoreClock)
C:\Users\unknown\git\lpc_chip_175x_6x\Debug\liblpc_chip_175x_6x.a(clock_17xx_40xx.o)
                              C:\Users\unknown\git\lpc_chip_175x_6x\Debug\liblpc_chip_175x_6x.a(chip_17xx_40xx.o) (Chip_Clock_EnablePLL)
C:\Users\unknown\git\lpc_chip_175x_6x\Debug\liblpc_chip_175x_6x.a(iocon_17xx_40xx.o)
                              ./Example/src/FRTOS.o (Chip_IOCON_PinMux)
C:\Users\unknown\git\lpc_chip_175x_6x\Debug\liblpc_chip_175x_6x.a(sysinit_17xx_40xx.o)
                              ./Example/src/sysinit.o (Chip_SystemInit)
C:\Users\unknown\git\lpc_chip_175x_6x\Debug\liblpc_chip_175x_6x.a(timer_17xx_40xx.o)
                              ./Example/src/FRTOS.o (Chip_TIMER_Init)
c:/nxp/mcuxpressoide_10.1.1_606/ide/tools/bin/../lib/gcc/arm-none-eabi/6.3.1/../../../../arm-none-eabi/lib/thumb/v7-m\libcr_semihost.a(_cr__main.o)
                              ./Example/src/cr_startup_lpc175x_6x.o (__main)
c:/nxp/mcuxpressoide_10.1.1_606/ide/tools/bin/../lib/gcc/arm-none-eabi/6.3.1/../../../../arm-none-eabi/lib/thumb/v7-m\libcr_c.a(memcpy.o)
                              ./freeRTOS/src/queue.o (memcpy)
c:/nxp/mcuxpressoide_10.1.1_606/ide/tools/bin/../lib/gcc/arm-none-eabi/6.3.1/../../../../arm-none-eabi/lib/thumb/v7-m\libcr_c.a(memset.o)
                              ./freeRTOS/src/tasks.o (memset)
c:/nxp/mcuxpressoide_10.1.1_606/ide/tools/bin/../lib/gcc/arm-none-eabi/6.3.1/../../../../arm-none-eabi/lib/thumb/v7-m\libcr_c.a(alloc.o)
                              ./freeRTOS/src/heap_3.o (malloc)
c:/nxp/mcuxpressoide_10.1.1_606/ide/tools/bin/../lib/gcc/arm-none-eabi/6.3.1/../../../../arm-none-eabi/lib/thumb/v7-m\libcr_c.a(initio.o)
                              c:/nxp/mcuxpressoide_10.1.1_606/ide/tools/bin/../lib/gcc/arm-none-eabi/6.3.1/../../../../arm-none-eabi/lib/thumb/v7-m\libcr_semihost.a(_cr__main.o) (_initio)
c:/nxp/mcuxpressoide_10.1.1_606/ide/tools/bin/../lib/gcc/arm-none-eabi/6.3.1/../../../../arm-none-eabi/lib/thumb/v7-m\libcr_c.a(setvbuf.o)
                              c:/nxp/mcuxpressoide_10.1.1_606/ide/tools/bin/../lib/gcc/arm-none-eabi/6.3.1/../../../../arm-none-eabi/lib/thumb/v7-m\libcr_c.a(initio.o) (setvbuf)
c:/nxp/mcuxpressoide_10.1.1_606/ide/tools/bin/../lib/gcc/arm-none-eabi/6.3.1/../../../../arm-none-eabi/lib/thumb/v7-m\libcr_c.a(__init_alloc.o)
                              c:/nxp/mcuxpressoide_10.1.1_606/ide/tools/bin/../lib/gcc/arm-none-eabi/6.3.1/../../../../arm-none-eabi/lib/thumb/v7-m\libcr_c.a(alloc.o) (__heaps)
c:/nxp/mcuxpressoide_10.1.1_606/ide/tools/bin/../lib/gcc/arm-none-eabi/6.3.1/../../../../arm-none-eabi/lib/thumb/v7-m\libcr_c.a(_cr_sbrk.o)
                              c:/nxp/mcuxpressoide_10.1.1_606/ide/tools/bin/../lib/gcc/arm-none-eabi/6.3.1/../../../../arm-none-eabi/lib/thumb/v7-m\libcr_c.a(alloc.o) (_sbrk)
c:/nxp/mcuxpressoide_10.1.1_606/ide/tools/bin/../lib/gcc/arm-none-eabi/6.3.1/../../../../arm-none-eabi/lib/thumb/v7-m\libcr_c.a(_fdopen.o)
                              c:/nxp/mcuxpressoide_10.1.1_606/ide/tools/bin/../lib/gcc/arm-none-eabi/6.3.1/../../../../arm-none-eabi/lib/thumb/v7-m\libcr_c.a(initio.o) (_fdopen)
c:/nxp/mcuxpressoide_10.1.1_606/ide/tools/bin/../lib/gcc/arm-none-eabi/6.3.1/../../../../arm-none-eabi/lib/thumb/v7-m\libcr_c.a(errno.o)
                              c:/nxp/mcuxpressoide_10.1.1_606/ide/tools/bin/../lib/gcc/arm-none-eabi/6.3.1/../../../../arm-none-eabi/lib/thumb/v7-m\libcr_c.a(_cr_sbrk.o) (errno)
c:/nxp/mcuxpressoide_10.1.1_606/ide/tools/bin/../lib/gcc/arm-none-eabi/6.3.1/../../../../arm-none-eabi/lib/thumb/v7-m\libcr_c.a(fclose.o)
                              c:/nxp/mcuxpressoide_10.1.1_606/ide/tools/bin/../lib/gcc/arm-none-eabi/6.3.1/../../../../arm-none-eabi/lib/thumb/v7-m\libcr_c.a(initio.o) (fclose)
c:/nxp/mcuxpressoide_10.1.1_606/ide/tools/bin/../lib/gcc/arm-none-eabi/6.3.1/../../../../arm-none-eabi/lib/thumb/v7-m\libcr_c.a(fflush.o)
                              c:/nxp/mcuxpressoide_10.1.1_606/ide/tools/bin/../lib/gcc/arm-none-eabi/6.3.1/../../../../arm-none-eabi/lib/thumb/v7-m\libcr_c.a(fclose.o) (fflush)
c:/nxp/mcuxpressoide_10.1.1_606/ide/tools/bin/../lib/gcc/arm-none-eabi/6.3.1/../../../../arm-none-eabi/lib/thumb/v7-m\libcr_c.a(fseek.o)
                              c:/nxp/mcuxpressoide_10.1.1_606/ide/tools/bin/../lib/gcc/arm-none-eabi/6.3.1/../../../../arm-none-eabi/lib/thumb/v7-m\libcr_c.a(_fdopen.o) (fseek)
c:/nxp/mcuxpressoide_10.1.1_606/ide/tools/bin/../lib/gcc/arm-none-eabi/6.3.1/../../../../arm-none-eabi/lib/thumb/v7-m\libcr_c.a(ftell.o)
                              c:/nxp/mcuxpressoide_10.1.1_606/ide/tools/bin/../lib/gcc/arm-none-eabi/6.3.1/../../../../arm-none-eabi/lib/thumb/v7-m\libcr_c.a(fseek.o) (ftell)
[...]
Memory Configuration

Name             Origin             Length             Attributes
MFlash512        0x00000000         0x00080000         xr
RamLoc32         0x10000000         0x00008000         xrw
RamAHB32         0x2007c000         0x00008000         xrw
*default*        0x00000000         0xffffffff

Linker script and memory map

LOAD ./freeRTOS/src/FreeRTOSCommonHooks.o
LOAD ./freeRTOS/src/croutine.o
LOAD ./freeRTOS/src/event_groups.o
LOAD ./freeRTOS/src/heap_3.o
LOAD ./freeRTOS/src/list.o
LOAD ./freeRTOS/src/port.o
LOAD ./freeRTOS/src/queue.o
LOAD ./freeRTOS/src/tasks.o
LOAD ./freeRTOS/src/timers.o
LOAD ./Example/src/FRTOS.o
LOAD ./Example/src/cr_startup_lpc175x_6x.o
LOAD ./Example/src/crp.o
LOAD ./Example/src/sysinit.o
LOAD C:\Users\unknown\git\lpc_chip_175x_6x\Debug\liblpc_chip_175x_6x.a
START GROUP
LOAD c:/nxp/mcuxpressoide_10.1.1_606/ide/tools/bin/../lib/gcc/arm-none-eabi/6.3.1/../../../../arm-none-eabi/lib/thumb/v7-m\libcr_semihost.a
LOAD c:/nxp/mcuxpressoide_10.1.1_606/ide/tools/bin/../lib/gcc/arm-none-eabi/6.3.1/../../../../arm-none-eabi/lib/thumb/v7-m\libcr_c.a
LOAD c:/nxp/mcuxpressoide_10.1.1_606/ide/tools/bin/../lib/gcc/arm-none-eabi/6.3.1/thumb/v7-m\libcr_eabihelpers.a
END GROUP
                0x00000000                __base_MFlash512 = 0x0
                0x00000000                __base_Flash = 0x0
                0x00080000                __top_MFlash512 = 0x80000
                0x00080000                __top_Flash = 0x80000
                0x10000000                __base_RamLoc32 = 0x10000000
                0x10000000                __base_RAM = 0x10000000
                0x10008000                __top_RamLoc32 = 0x10008000
                0x10008000                __top_RAM = 0x10008000
                0x2007c000                __base_RamAHB32 = 0x2007c000
                0x2007c000                __base_RAM2 = 0x2007c000
                0x20084000                __top_RamAHB32 = 0x20084000
                0x20084000                __top_RAM2 = 0x20084000

.text           0x00000000     0x2eec
 FILL mask 0xff
                0x00000000                __vectors_start__ = ABSOLUTE (.)
 *(.isr_vector)
 .isr_vector    0x00000000       0xcc ./Example/src/cr_startup_lpc175x_6x.o
                0x00000000                g_pfnVectors
                0x000000cc                . = ALIGN (0x4)
                0x000000cc                __section_table_start = .
                0x000000cc                __data_section_table = .
                0x000000cc        0x4 LONG 0x2eec LOADADDR (.data)
                0x000000d0        0x4 LONG 0x10000000 ADDR (.data)
                0x000000d4        0x4 LONG 0x4 SIZEOF (.data)
                0x000000d8        0x4 LONG 0x2eec LOADADDR (.data_RAM2)
                0x000000dc        0x4 LONG 0x2007c000 ADDR (.data_RAM2)
                0x000000e0        0x4 LONG 0x0 SIZEOF (.data_RAM2)
                0x000000e4                __data_section_table_end = .
                0x000000e4                __bss_section_table = .
                0x000000e4        0x4 LONG 0x10000004 ADDR (.bss)
                0x000000e8        0x4 LONG 0x304 SIZEOF (.bss)
                0x000000ec        0x4 LONG 0x2007c000 ADDR (.bss_RAM2)
                0x000000f0        0x4 LONG 0x0 SIZEOF (.bss_RAM2)
                0x000000f4                __bss_section_table_end = .
                0x000000f4                __section_table_end = .
 *(.after_vectors*)
 .after_vectors
                0x000000f4      0x12c ./Example/src/cr_startup_lpc175x_6x.o
                0x000000f4                data_init
                0x00000136                bss_init
                0x0000016c                ResetISR
                0x000001e4                NMI_Handler
                0x000001ea                HardFault_Handler
                0x000001f0                MemManage_Handler
                0x000001f6                BusFault_Handler
                0x000001fc                UsageFault_Handler
                0x00000208                DebugMon_Handler
                0x0000021a                UART1_IRQHandler
                0x0000021a                EINT3_IRQHandler
                0x0000021a                I2C1_IRQHandler
                0x0000021a                TIMER3_IRQHandler
                0x0000021a                UART0_IRQHandler
                0x0000021a                USBActivity_IRQHandler
                0x0000021a                CANActivity_IRQHandler
                0x0000021a                EINT2_IRQHandler
                0x0000021a                IntDefaultHandler
                0x0000021a                PLL0_IRQHandler
                0x0000021a                CAN_IRQHandler
                0x0000021a                I2C0_IRQHandler
                0x0000021a                SSP0_IRQHandler
                0x0000021a                I2S_IRQHandler
                0x0000021a                I2C2_IRQHandler
                0x0000021a                RTC_IRQHandler
                0x0000021a                SPI_IRQHandler
                0x0000021a                RIT_IRQHandler
                0x0000021a                EINT1_IRQHandler
                0x0000021a                TIMER1_IRQHandler
                0x0000021a                UART2_IRQHandler
                0x0000021a                ADC_IRQHandler
                0x0000021a                SSP1_IRQHandler
                0x0000021a                USB_IRQHandler
                0x0000021a                BOD_IRQHandler
                0x0000021a                PWM1_IRQHandler
                0x0000021a                WDT_IRQHandler
                0x0000021a                QEI_IRQHandler
                0x0000021a                EINT0_IRQHandler
                0x0000021a                ETH_IRQHandler
                0x0000021a                PLL1_IRQHandler
                0x0000021a                DMA_IRQHandler
                0x0000021a                TIMER2_IRQHandler
                0x0000021a                UART3_IRQHandler
                0x0000021a                MCPWM_IRQHandler
 *(.text*)
 .text.vApplicationTickHook
                0x00000220        0xc ./freeRTOS/src/FreeRTOSCommonHooks.o
                0x00000220                vApplicationTickHook
 .text.pvPortMalloc
                0x0000022c       0x22 ./freeRTOS/src/heap_3.o
                0x0000022c                pvPortMalloc
 .text.vPortFree
                0x0000024e       0x24 ./freeRTOS/src/heap_3.o
                0x0000024e                vPortFree
 .text.vListInitialise
                0x00000272       0x3e ./freeRTOS/src/list.o
                0x00000272                vListInitialise
 .text.vListInitialiseItem
                0x000002b0       0x18 ./freeRTOS/src/list.o
                0x000002b0                vListInitialiseItem
 .text.vListInsertEnd
                0x000002c8       0x46 ./freeRTOS/src/list.o
                0x000002c8                vListInsertEnd
 .text.vListInsert
                0x0000030e       0x70 ./freeRTOS/src/list.o
                0x0000030e                vListInsert
 .text.uxListRemove
                0x0000037e       0x52 ./freeRTOS/src/list.o
                0x0000037e                uxListRemove
 .text.pxPortInitialiseStack
                0x000003d0       0x58 ./freeRTOS/src/port.o
                0x000003d0                pxPortInitialiseStack
 .text.prvTaskExitError
                0x00000428       0x1a ./freeRTOS/src/port.o
 *fill*         0x00000442        0xe ff
 .text.SVC_Handler
                0x00000450       0x28 ./freeRTOS/src/port.o
                0x00000450                SVC_Handler
 .text.prvPortStartFirstTask
                0x00000478       0x20 ./freeRTOS/src/port.o
 .text.xPortStartScheduler
                0x00000498       0x3c ./freeRTOS/src/port.o
                0x00000498                xPortStartScheduler
 .text.vPortEnterCritical
                0x000004d4       0x30 ./freeRTOS/src/port.o
                0x000004d4                vPortEnterCritical
 .text.vPortExitCritical
                0x00000504       0x30 ./freeRTOS/src/port.o
                0x00000504                vPortExitCritical
 *fill*         0x00000534        0xc ff
 .text.PendSV_Handler
                0x00000540       0x48 ./freeRTOS/src/port.o
                0x00000540                PendSV_Handler
 .text.SysTick_Handler
                0x00000588       0x40 ./freeRTOS/src/port.o
                0x00000588                SysTick_Handler
 .text.vPortSuppressTicksAndSleep
                0x000005c8      0x184 ./freeRTOS/src/port.o
                0x000005c8                vPortSuppressTicksAndSleep
 .text.vPortSetupTimerInterrupt
                0x0000074c       0x78 ./freeRTOS/src/port.o
                0x0000074c                vPortSetupTimerInterrupt
 .text.xQueueGenericReset
                0x000007c4       0xb4 ./freeRTOS/src/queue.o
                0x000007c4                xQueueGenericReset
 .text.xQueueGenericCreate
                0x00000878       0x58 ./freeRTOS/src/queue.o
                0x00000878                xQueueGenericCreate
 .text.prvInitialiseNewQueue
                0x000008d0       0x46 ./freeRTOS/src/queue.o
 *fill*         0x00000916        0x2 ff
 .text.xQueueGenericSend
                0x00000918      0x154 ./freeRTOS/src/queue.o
                0x00000918                xQueueGenericSend
 .text.xQueueGiveFromISR
                0x00000a6c       0xa6 ./freeRTOS/src/queue.o
                0x00000a6c                xQueueGiveFromISR
 *fill*         0x00000b12        0x2 ff
 .text.xQueueGenericReceive
                0x00000b14      0x1b0 ./freeRTOS/src/queue.o
                0x00000b14                xQueueGenericReceive
 .text.prvCopyDataToQueue
                0x00000cc4       0xd4 ./freeRTOS/src/queue.o
 .text.prvCopyDataFromQueue
                0x00000d98       0x4c ./freeRTOS/src/queue.o
 .text.prvUnlockQueue
                0x00000de4       0xa4 ./freeRTOS/src/queue.o
 .text.prvIsQueueEmpty
                0x00000e88       0x2c ./freeRTOS/src/queue.o
 .text.prvIsQueueFull
                0x00000eb4       0x30 ./freeRTOS/src/queue.o
 .text.xTaskCreate
                0x00000ee4       0x82 ./freeRTOS/src/tasks.o
                0x00000ee4                xTaskCreate
 .text.prvInitialiseNewTask
                0x00000f66       0xee ./freeRTOS/src/tasks.o
 .text.prvAddNewTaskToReadyList
                0x00001054       0xdc ./freeRTOS/src/tasks.o
 .text.vTaskDelete
                0x00001130       0xfc ./freeRTOS/src/tasks.o
                0x00001130                vTaskDelete
 .text.vTaskStartScheduler
                0x0000122c       0x6c ./freeRTOS/src/tasks.o
                0x0000122c                vTaskStartScheduler
 .text.vTaskSuspendAll
                0x00001298       0x1c ./freeRTOS/src/tasks.o
                0x00001298                vTaskSuspendAll
 .text.prvGetExpectedIdleTime
                0x000012b4       0x74 ./freeRTOS/src/tasks.o
 .text.xTaskResumeAll
                0x00001328      0x11c ./freeRTOS/src/tasks.o
                0x00001328                xTaskResumeAll
 .text.vTaskStepTick
                0x00001444       0x24 ./freeRTOS/src/tasks.o
                0x00001444                vTaskStepTick
 .text.xTaskIncrementTick
                0x00001468      0x16c ./freeRTOS/src/tasks.o
                0x00001468                xTaskIncrementTick
 .text.vTaskSwitchContext
                0x000015d4       0x8c ./freeRTOS/src/tasks.o
                0x000015d4                vTaskSwitchContext
 .text.vTaskPlaceOnEventList
                0x00001660       0x2c ./freeRTOS/src/tasks.o
                0x00001660                vTaskPlaceOnEventList
 .text.xTaskRemoveFromEventList
                0x0000168c       0xac ./freeRTOS/src/tasks.o
                0x0000168c                xTaskRemoveFromEventList
 .text.vTaskSetTimeOutState
                0x00001738       0x2c ./freeRTOS/src/tasks.o
                0x00001738                vTaskSetTimeOutState
 .text.xTaskCheckForTimeOut
                0x00001764       0x88 ./freeRTOS/src/tasks.o
                0x00001764                xTaskCheckForTimeOut
 .text.vTaskMissedYield
                0x000017ec       0x18 ./freeRTOS/src/tasks.o
                0x000017ec                vTaskMissedYield
 .text.prvIdleTask
                0x00001804       0x54 ./freeRTOS/src/tasks.o
 .text.eTaskConfirmSleepModeStatus
                0x00001858       0x5c ./freeRTOS/src/tasks.o
                0x00001858                eTaskConfirmSleepModeStatus
 .text.prvInitialiseTaskLists
                0x000018b4       0x80 ./freeRTOS/src/tasks.o
 .text.prvCheckTasksWaitingTermination
                0x00001934       0x78 ./freeRTOS/src/tasks.o
 .text.prvDeleteTCB
                0x000019ac       0x20 ./freeRTOS/src/tasks.o
 .text.prvResetNextTaskUnblockTime
                0x000019cc       0x48 ./freeRTOS/src/tasks.o
 .text.vTaskPriorityInherit
                0x00001a14       0xec ./freeRTOS/src/tasks.o
                0x00001a14                vTaskPriorityInherit
 .text.xTaskPriorityDisinherit
                0x00001b00       0xc8 ./freeRTOS/src/tasks.o
                0x00001b00                xTaskPriorityDisinherit
 .text.pvTaskIncrementMutexHeldCount
                0x00001bc8       0x28 ./freeRTOS/src/tasks.o
                0x00001bc8                pvTaskIncrementMutexHeldCount
 .text.prvAddCurrentTaskToDelayedList
                0x00001bf0       0xcc ./freeRTOS/src/tasks.o
 .text.NVIC_EnableIRQ
                0x00001cbc       0x30 ./Example/src/FRTOS.o
 .text.NVIC_ClearPendingIRQ
                0x00001cec       0x34 ./Example/src/FRTOS.o
 .text.Chip_GPIO_Init
                0x00001d20       0x16 ./Example/src/FRTOS.o
 .text.Chip_GPIO_SetPinState
                0x00001d36       0x68 ./Example/src/FRTOS.o
 .text.Chip_GPIO_GetPinState
                0x00001d9e       0x38 ./Example/src/FRTOS.o
 .text.Chip_GPIO_SetPinDIROutput
                0x00001dd6       0x38 ./Example/src/FRTOS.o
 .text.Chip_GPIO_SetPinDIRInput
                0x00001e0e       0x3a ./Example/src/FRTOS.o
 .text.Chip_GPIO_SetPinDIR
                0x00001e48       0x42 ./Example/src/FRTOS.o
 .text.Chip_GPIO_SetDir
                0x00001e8a       0x34 ./Example/src/FRTOS.o
 .text.Chip_GPIO_SetPinToggle
                0x00001ebe       0x4c ./Example/src/FRTOS.o
 .text.Chip_TIMER_MatchPending
                0x00001f0a       0x32 ./Example/src/FRTOS.o
 .text.Chip_TIMER_ClearMatch
                0x00001f3c       0x26 ./Example/src/FRTOS.o
 .text.Chip_TIMER_Enable
                0x00001f62       0x1e ./Example/src/FRTOS.o
 .text.Chip_TIMER_SetMatch
                0x00001f80       0x26 ./Example/src/FRTOS.o
 .text.Chip_TIMER_MatchEnableInt
                0x00001fa6       0x32 ./Example/src/FRTOS.o
 .text.Chip_TIMER_ResetOnMatchEnable
                0x00001fd8       0x34 ./Example/src/FRTOS.o
 .text.Chip_TIMER_ResetOnMatchDisable
                0x0000200c       0x36 ./Example/src/FRTOS.o
 *fill*         0x00002042        0x2 ff
 .text.uC_StartUp
                0x00002044       0x38 ./Example/src/FRTOS.o
                0x00002044                uC_StartUp
 .text.vTaskInicTimer
                0x0000207c       0x84 ./Example/src/FRTOS.o
 .text.xTaskToggle
                0x00002100       0x2c ./Example/src/FRTOS.o
 .text.TIMER0_IRQHandler
                0x0000212c       0x98 ./Example/src/FRTOS.o
                0x0000212c                TIMER0_IRQHandler
 .text.main     0x000021c4       0x8c ./Example/src/FRTOS.o
                0x000021c4                main
 .text.SystemInit
                0x00002250       0x24 ./Example/src/sysinit.o
                0x00002250                SystemInit
 .text.SystemCoreClockUpdate
                0x00002274       0x18 C:\Users\unknown\git\lpc_chip_175x_6x\Debug\liblpc_chip_175x_6x.a(chip_17xx_40xx.o)
                0x00002274                SystemCoreClockUpdate
 .text.Chip_Clock_IsMainPLLEnabled
                0x0000228c       0x24 C:\Users\unknown\git\lpc_chip_175x_6x\Debug\liblpc_chip_175x_6x.a(clock_17xx_40xx.o)
 .text.Chip_Clock_IsMainPLLConnected
                0x000022b0       0x24 C:\Users\unknown\git\lpc_chip_175x_6x\Debug\liblpc_chip_175x_6x.a(clock_17xx_40xx.o)
 .text.Chip_Clock_FeedPLL
                0x000022d4       0x34 C:\Users\unknown\git\lpc_chip_175x_6x\Debug\liblpc_chip_175x_6x.a(clock_17xx_40xx.o)
 .text.Chip_Clock_GetMainPLLSource
                0x00002308       0x20 C:\Users\unknown\git\lpc_chip_175x_6x\Debug\liblpc_chip_175x_6x.a(clock_17xx_40xx.o)
 .text.Chip_Clock_GetMainOscRate
                0x00002328       0x14 C:\Users\unknown\git\lpc_chip_175x_6x\Debug\liblpc_chip_175x_6x.a(clock_17xx_40xx.o)
 .text.Chip_Clock_GetIntOscRate
                0x0000233c       0x14 C:\Users\unknown\git\lpc_chip_175x_6x\Debug\liblpc_chip_175x_6x.a(clock_17xx_40xx.o)
 .text.Chip_Clock_GetRTCOscRate
                0x00002350       0x14 C:\Users\unknown\git\lpc_chip_175x_6x\Debug\liblpc_chip_175x_6x.a(clock_17xx_40xx.o)
 .text.Chip_Clock_GetMainPLLInClockRate
                0x00002364        0xe C:\Users\unknown\git\lpc_chip_175x_6x\Debug\liblpc_chip_175x_6x.a(clock_17xx_40xx.o)
 *fill*         0x00002372        0x2 ff
 .text.Chip_Clock_EnablePLL
                0x00002374       0x44 C:\Users\unknown\git\lpc_chip_175x_6x\Debug\liblpc_chip_175x_6x.a(clock_17xx_40xx.o)
                0x00002374                Chip_Clock_EnablePLL
 .text.Chip_Clock_DisablePLL
                0x000023b8       0x48 C:\Users\unknown\git\lpc_chip_175x_6x\Debug\liblpc_chip_175x_6x.a(clock_17xx_40xx.o)
                0x000023b8                Chip_Clock_DisablePLL
 .text.Chip_Clock_SetupPLL
                0x00002400       0x5c C:\Users\unknown\git\lpc_chip_175x_6x\Debug\liblpc_chip_175x_6x.a(clock_17xx_40xx.o)
                0x00002400                Chip_Clock_SetupPLL
 .text.Chip_Clock_EnablePeriphClock
                0x0000245c       0x34 C:\Users\unknown\git\lpc_chip_175x_6x\Debug\liblpc_chip_175x_6x.a(clock_17xx_40xx.o)
                0x0000245c                Chip_Clock_EnablePeriphClock
 .text.Chip_Clock_GetCPUClockSource
                0x00002490       0x24 C:\Users\unknown\git\lpc_chip_175x_6x\Debug\liblpc_chip_175x_6x.a(clock_17xx_40xx.o)
                0x00002490                Chip_Clock_GetCPUClockSource
 .text.Chip_Clock_SetCPUClockDiv
                0x000024b4       0x20 C:\Users\unknown\git\lpc_chip_175x_6x\Debug\liblpc_chip_175x_6x.a(clock_17xx_40xx.o)
                0x000024b4                Chip_Clock_SetCPUClockDiv
 .text.Chip_Clock_GetCPUClockDiv
                0x000024d4       0x1c C:\Users\unknown\git\lpc_chip_175x_6x\Debug\liblpc_chip_175x_6x.a(clock_17xx_40xx.o)
                0x000024d4                Chip_Clock_GetCPUClockDiv
 .text.Chip_Clock_GetSYSCLKRate
                0x000024f0       0x34 C:\Users\unknown\git\lpc_chip_175x_6x\Debug\liblpc_chip_175x_6x.a(clock_17xx_40xx.o)
                0x000024f0                Chip_Clock_GetSYSCLKRate
 .text.Chip_Clock_GetMainPLLOutClockRate
                0x00002524       0x54 C:\Users\unknown\git\lpc_chip_175x_6x\Debug\liblpc_chip_175x_6x.a(clock_17xx_40xx.o)
                0x00002524                Chip_Clock_GetMainPLLOutClockRate
 .text.Chip_Clock_GetMainClockRate
                0x00002578       0x28 C:\Users\unknown\git\lpc_chip_175x_6x\Debug\liblpc_chip_175x_6x.a(clock_17xx_40xx.o)
                0x00002578                Chip_Clock_GetMainClockRate
 .text.Chip_Clock_GetSystemClockRate
                0x000025a0       0x18 C:\Users\unknown\git\lpc_chip_175x_6x\Debug\liblpc_chip_175x_6x.a(clock_17xx_40xx.o)
                0x000025a0                Chip_Clock_GetSystemClockRate
 .text.Chip_IOCON_PinMux
                0x000025b8       0x92 C:\Users\unknown\git\lpc_chip_175x_6x\Debug\liblpc_chip_175x_6x.a(iocon_17xx_40xx.o)
                0x000025b8                Chip_IOCON_PinMux
 *fill*         0x0000264a        0x2 ff
 .text.Chip_Clock_IsMainPLLEnabled
                0x0000264c       0x24 C:\Users\unknown\git\lpc_chip_175x_6x\Debug\liblpc_chip_175x_6x.a(sysinit_17xx_40xx.o)
 .text.Chip_Clock_IsMainPLLLocked
                0x00002670       0x24 C:\Users\unknown\git\lpc_chip_175x_6x\Debug\liblpc_chip_175x_6x.a(sysinit_17xx_40xx.o)
 .text.Chip_Clock_IsMainPLLConnected
                0x00002694       0x24 C:\Users\unknown\git\lpc_chip_175x_6x\Debug\liblpc_chip_175x_6x.a(sysinit_17xx_40xx.o)
 .text.Chip_Clock_SetMainPLLSource
                0x000026b8       0x20 C:\Users\unknown\git\lpc_chip_175x_6x\Debug\liblpc_chip_175x_6x.a(sysinit_17xx_40xx.o)
 .text.Chip_SetupIrcClocking
                0x000026d8       0x6a C:\Users\unknown\git\lpc_chip_175x_6x\Debug\liblpc_chip_175x_6x.a(sysinit_17xx_40xx.o)
                0x000026d8                Chip_SetupIrcClocking
 .text.Chip_SystemInit
                0x00002742        0xc C:\Users\unknown\git\lpc_chip_175x_6x\Debug\liblpc_chip_175x_6x.a(sysinit_17xx_40xx.o)
                0x00002742                Chip_SystemInit
 *fill*         0x0000274e        0x2 ff
 .text.Chip_Timer_GetClockIndex
                0x00002750       0x50 C:\Users\unknown\git\lpc_chip_175x_6x\Debug\liblpc_chip_175x_6x.a(timer_17xx_40xx.o)
 .text.Chip_TIMER_Init
                0x000027a0       0x1e C:\Users\unknown\git\lpc_chip_175x_6x\Debug\liblpc_chip_175x_6x.a(timer_17xx_40xx.o)
                0x000027a0                Chip_TIMER_Init
 .text.Chip_TIMER_Reset
                0x000027be       0x3a C:\Users\unknown\git\lpc_chip_175x_6x\Debug\liblpc_chip_175x_6x.a(timer_17xx_40xx.o)
                0x000027be                Chip_TIMER_Reset
 .text.__main   0x000027f8        0xe c:/nxp/mcuxpressoide_10.1.1_606/ide/tools/bin/../lib/gcc/arm-none-eabi/6.3.1/../../../../arm-none-eabi/lib/thumb/v7-m\libcr_semihost.a(_cr__main.o)
                0x000027f8                __CR_SEMIHOST
                0x000027f8                __main
 .text.memcpy   0x00002806        0x4 c:/nxp/mcuxpressoide_10.1.1_606/ide/tools/bin/../lib/gcc/arm-none-eabi/6.3.1/../../../../arm-none-eabi/lib/thumb/v7-m\libcr_c.a(memcpy.o)
                0x00002806                memcpy
 .text.memset   0x0000280a        0x4 c:/nxp/mcuxpressoide_10.1.1_606/ide/tools/bin/../lib/gcc/arm-none-eabi/6.3.1/../../../../arm-none-eabi/lib/thumb/v7-m\libcr_c.a(memset.o)
                0x0000280a                memset
 *fill*         0x0000280e        0x2 ff
 .text.malloc   0x00002810       0xc4 c:/nxp/mcuxpressoide_10.1.1_606/ide/tools/bin/../lib/gcc/arm-none-eabi/6.3.1/../../../../arm-none-eabi/lib/thumb/v7-m\libcr_c.a(alloc.o)
                0x00002810                malloc
 .text.free     0x000028d4       0x30 c:/nxp/mcuxpressoide_10.1.1_606/ide/tools/bin/../lib/gcc/arm-none-eabi/6.3.1/../../../../arm-none-eabi/lib/thumb/v7-m\libcr_c.a(alloc.o)
                0x000028d4                free
 .text._initio  0x00002904       0x78 c:/nxp/mcuxpressoide_10.1.1_606/ide/tools/bin/../lib/gcc/arm-none-eabi/6.3.1/../../../../arm-none-eabi/lib/thumb/v7-m\libcr_c.a(initio.o)
                0x00002904                _initio
 .text.setvbuf  0x0000297c       0x40 c:/nxp/mcuxpressoide_10.1.1_606/ide/tools/bin/../lib/gcc/arm-none-eabi/6.3.1/../../../../arm-none-eabi/lib/thumb/v7-m\libcr_c.a(setvbuf.o)
                0x0000297c                setvbuf
 .text._sbrk    0x000029bc       0x3c c:/nxp/mcuxpressoide_10.1.1_606/ide/tools/bin/../lib/gcc/arm-none-eabi/6.3.1/../../../../arm-none-eabi/lib/thumb/v7-m\libcr_c.a(_cr_sbrk.o)
                0x000029bc                _sbrk
 .text._fdopen  0x000029f8       0x68 c:/nxp/mcuxpressoide_10.1.1_606/ide/tools/bin/../lib/gcc/arm-none-eabi/6.3.1/../../../../arm-none-eabi/lib/thumb/v7-m\libcr_c.a(_fdopen.o)
                0x000029f8                _fdopen
 .text.fclose   0x00002a60       0x58 c:/nxp/mcuxpressoide_10.1.1_606/ide/tools/bin/../lib/gcc/arm-none-eabi/6.3.1/../../../../arm-none-eabi/lib/thumb/v7-m\libcr_c.a(fclose.o)
                0x00002a60                fclose
 .text.fflush   0x00002ab8       0x44 c:/nxp/mcuxpressoide_10.1.1_606/ide/tools/bin/../lib/gcc/arm-none-eabi/6.3.1/../../../../arm-none-eabi/lib/thumb/v7-m\libcr_c.a(fflush.o)
                0x00002ab8                fflush
 .text.fseek    0x00002afc      0x100 c:/nxp/mcuxpressoide_10.1.1_606/ide/tools/bin/../lib/gcc/arm-none-eabi/6.3.1/../../../../arm-none-eabi/lib/thumb/v7-m\libcr_c.a(fseek.o)
                0x00002afc                fseek
 .text.ftell    0x00002bfc       0x48 c:/nxp/mcuxpressoide_10.1.1_606/ide/tools/bin/../lib/gcc/arm-none-eabi/6.3.1/../../../../arm-none-eabi/lib/thumb/v7-m\libcr_c.a(ftell.o)
                0x00002bfc                ftell
 .text.remove   0x00002c44       0x14 c:/nxp/mcuxpressoide_10.1.1_606/ide/tools/bin/../lib/gcc/arm-none-eabi/6.3.1/../../../../arm-none-eabi/lib/thumb/v7-m\libcr_c.a(remove.o)
                0x00002c44                remove
 .text.strlen   0x00002c58       0x4a c:/nxp/mcuxpressoide_10.1.1_606/ide/tools/bin/../lib/gcc/arm-none-eabi/6.3.1/../../../../arm-none-eabi/lib/thumb/v7-m\libcr_c.a(strlen.o)
                0x00002c58                strlen
 *fill*         0x00002ca2        0x2 ff
 .text.__check_heap_overflow
                0x00002ca4       0x18 c:/nxp/mcuxpressoide_10.1.1_606/ide/tools/bin/../lib/gcc/arm-none-eabi/6.3.1/../../../../arm-none-eabi/lib/thumb/v7-m\libcr_c.a(_cr_check_heap.o)
                0x00002ca4                __check_heap_overflow
 .text._do_fflush
                0x00002cbc       0x40 c:/nxp/mcuxpressoide_10.1.1_606/ide/tools/bin/../lib/gcc/arm-none-eabi/6.3.1/../../../../arm-none-eabi/lib/thumb/v7-m\libcr_c.a(_do_fflush.o)
                0x00002cbc                _do_fflush
 .text._fflush  0x00002cfc       0x54 c:/nxp/mcuxpressoide_10.1.1_606/ide/tools/bin/../lib/gcc/arm-none-eabi/6.3.1/../../../../arm-none-eabi/lib/thumb/v7-m\libcr_c.a(_fflush.o)
                0x00002cfc                _fflush
 .text._Cwritebuf
                0x00002d50       0x6c c:/nxp/mcuxpressoide_10.1.1_606/ide/tools/bin/../lib/gcc/arm-none-eabi/6.3.1/../../../../arm-none-eabi/lib/thumb/v7-m\libcr_c.a(_writebuf.o)
                0x00002d50                _Cwritebuf
 .text._deferredlazyseek
                0x00002dbc       0x40 c:/nxp/mcuxpressoide_10.1.1_606/ide/tools/bin/../lib/gcc/arm-none-eabi/6.3.1/../../../../arm-none-eabi/lib/thumb/v7-m\libcr_c.a(_deferredlazyseek.o)
                0x00002dbc                _deferredlazyseek
 .text.__aeabi_memcpy
                0x00002dfc       0x34 c:/nxp/mcuxpressoide_10.1.1_606/ide/tools/bin/../lib/gcc/arm-none-eabi/6.3.1/thumb/v7-m\libcr_eabihelpers.a(memcpy.o)
                0x00002dfc                __aeabi_memcpy
                0x00002e06                __aeabi_memcpy8
                0x00002e06                __aeabi_memcpy4
 .text.__aeabi_memset_lowlevel
                0x00002e30       0x32 c:/nxp/mcuxpressoide_10.1.1_606/ide/tools/bin/../lib/gcc/arm-none-eabi/6.3.1/thumb/v7-m\libcr_eabihelpers.a(memcpy.o)
                0x00002e30                __aeabi_lowlevel_memset
 .text.__sys_close
                0x00002e62        0xc c:/nxp/mcuxpressoide_10.1.1_606/ide/tools/bin/../lib/gcc/arm-none-eabi/6.3.1/../../../../arm-none-eabi/lib/thumb/v7-m\libcr_semihost.a(__sys_close.o)
                0x00002e62                __sys_close
 .text.__sys_flen
                0x00002e6e        0xc c:/nxp/mcuxpressoide_10.1.1_606/ide/tools/bin/../lib/gcc/arm-none-eabi/6.3.1/../../../../arm-none-eabi/lib/thumb/v7-m\libcr_semihost.a(__sys_flen.o)
                0x00002e6e                __sys_flen
 .text.__sys_istty
                0x00002e7a        0xc c:/nxp/mcuxpressoide_10.1.1_606/ide/tools/bin/../lib/gcc/arm-none-eabi/6.3.1/../../../../arm-none-eabi/lib/thumb/v7-m\libcr_semihost.a(__sys_istty.o)
                0x00002e7a                __sys_istty
 .text.__sys_remove
                0x00002e86        0xc c:/nxp/mcuxpressoide_10.1.1_606/ide/tools/bin/../lib/gcc/arm-none-eabi/6.3.1/../../../../arm-none-eabi/lib/thumb/v7-m\libcr_semihost.a(__sys_remove.o)
                0x00002e86                __sys_remove
 .text.__sys_seek
                0x00002e92        0xc c:/nxp/mcuxpressoide_10.1.1_606/ide/tools/bin/../lib/gcc/arm-none-eabi/6.3.1/../../../../arm-none-eabi/lib/thumb/v7-m\libcr_semihost.a(__sys_seek.o)
                0x00002e92                __sys_seek
 .text.__sys_tmpnam
                0x00002e9e        0xc c:/nxp/mcuxpressoide_10.1.1_606/ide/tools/bin/../lib/gcc/arm-none-eabi/6.3.1/../../../../arm-none-eabi/lib/thumb/v7-m\libcr_semihost.a(__sys_tmpnam.o)
                0x00002e9e                __sys_tmpnam
 .text.__sys_write
                0x00002eaa        0xc c:/nxp/mcuxpressoide_10.1.1_606/ide/tools/bin/../lib/gcc/arm-none-eabi/6.3.1/../../../../arm-none-eabi/lib/thumb/v7-m\libcr_semihost.a(__sys_write.o)
                0x00002eaa                __sys_write
 *(.rodata .rodata.* .constdata .constdata.*)
 *fill*         0x00002eb6        0x2 ff
 .rodata        0x00002eb8        0x5 ./freeRTOS/src/tasks.o
 *fill*         0x00002ebd        0x3 ff
 .rodata        0x00002ec0       0x1c ./Example/src/FRTOS.o
 .rodata.OscRateIn
                0x00002edc        0x4 ./Example/src/sysinit.o
                0x00002edc                OscRateIn
 .rodata.RTCOscRateIn
                0x00002ee0        0x4 ./Example/src/sysinit.o
                0x00002ee0                RTCOscRateIn
 .rodata._initio.str1.1
                0x00002ee4        0x4 c:/nxp/mcuxpressoide_10.1.1_606/ide/tools/bin/../lib/gcc/arm-none-eabi/6.3.1/../../../../arm-none-eabi/lib/thumb/v7-m\libcr_c.a(initio.o)
 .rodata.__num_Ciob_streams
                0x00002ee8        0x4 c:/nxp/mcuxpressoide_10.1.1_606/ide/tools/bin/../lib/gcc/arm-none-eabi/6.3.1/../../../../arm-none-eabi/lib/thumb/v7-m\libcr_semihost.a(__ciob.o)
                0x00002ee8                __num_Ciob_streams
                0x00002eec                . = ALIGN (0x4)

.glue_7         0x00002eec        0x0
 .glue_7        0x00002eec        0x0 linker stubs

.glue_7t        0x00002eec        0x0
 .glue_7t       0x00002eec        0x0 linker stubs

.vfp11_veneer   0x00002eec        0x0
 .vfp11_veneer  0x00002eec        0x0 linker stubs

.v4_bx          0x00002eec        0x0
 .v4_bx         0x00002eec        0x0 linker stubs

.iplt           0x00002eec        0x0
 .iplt          0x00002eec        0x0 ./freeRTOS/src/FreeRTOSCommonHooks.o

.rel.dyn        0x00002eec        0x0
 .rel.iplt      0x00002eec        0x0 ./freeRTOS/src/FreeRTOSCommonHooks.o

.ARM.extab
 *(.ARM.extab* .gnu.linkonce.armextab.*)
                0x00002eec                __exidx_start = .

.ARM.exidx
 *(.ARM.exidx* .gnu.linkonce.armexidx.*)
                0x00002eec                __exidx_end = .
                0x00002eec                _etext = .

.data_RAM2      0x2007c000        0x0 load address 0x00002eec
 FILL mask 0xff
                [!provide]                PROVIDE (__start_data_RAM2, .)
 *(.ramfunc.$RAM2)
 *(.ramfunc.$RamAHB32)
 *(.data.$RAM2*)
 *(.data.$RamAHB32*)
                0x2007c000                . = ALIGN (0x4)
                [!provide]                PROVIDE (__end_data_RAM2, .)

.uninit_RESERVED
                0x10000000        0x0
 *(.bss.$RESERVED*)
                0x10000000                . = ALIGN (0x4)
                0x10000000                _end_uninit_RESERVED = .

.data           0x10000000        0x4 load address 0x00002eec
 FILL mask 0xff
                0x10000000                _data = .
 *(vtable)
 *(.ramfunc*)
 *(.data*)
 .data.uxCriticalNesting
                0x10000000        0x4 ./freeRTOS/src/port.o
                0x10000004                . = ALIGN (0x4)
                0x10000004                _edata = .

.igot.plt       0x10000004        0x0 load address 0x00002ef0
 .igot.plt      0x10000004        0x0 ./freeRTOS/src/FreeRTOSCommonHooks.o

.bss_RAM2       0x2007c000        0x0
                [!provide]                PROVIDE (__start_bss_RAM2, .)
 *(.bss.$RAM2*)
 *(.bss.$RamAHB32*)
                0x2007c000                . = ALIGN ((. != 0x0)?0x4:0x1)
                [!provide]                PROVIDE (__end_bss_RAM2, .)

.bss            0x10000004      0x304
                0x10000004                _bss = .
 *(.bss*)
 .bss.ulTimerCountsForOneTick
                0x10000004        0x4 ./freeRTOS/src/port.o
 .bss.xMaximumPossibleSuppressedTicks
                0x10000008        0x4 ./freeRTOS/src/port.o
 .bss.ulStoppedTimerCompensation
                0x1000000c        0x4 ./freeRTOS/src/port.o
 .bss.pxCurrentTCB
                0x10000010        0x4 ./freeRTOS/src/tasks.o
                0x10000010                pxCurrentTCB
 .bss.pxReadyTasksLists
                0x10000014       0x64 ./freeRTOS/src/tasks.o
 .bss.xDelayedTaskList1
                0x10000078       0x14 ./freeRTOS/src/tasks.o
 .bss.xDelayedTaskList2
                0x1000008c       0x14 ./freeRTOS/src/tasks.o
 .bss.pxDelayedTaskList
                0x100000a0        0x4 ./freeRTOS/src/tasks.o
 .bss.pxOverflowDelayedTaskList
                0x100000a4        0x4 ./freeRTOS/src/tasks.o
 .bss.xPendingReadyList
                0x100000a8       0x14 ./freeRTOS/src/tasks.o
 .bss.xTasksWaitingTermination
                0x100000bc       0x14 ./freeRTOS/src/tasks.o
 .bss.uxDeletedTasksWaitingCleanUp
                0x100000d0        0x4 ./freeRTOS/src/tasks.o
 .bss.xSuspendedTaskList
                0x100000d4       0x14 ./freeRTOS/src/tasks.o
 .bss.uxCurrentNumberOfTasks
                0x100000e8        0x4 ./freeRTOS/src/tasks.o
 .bss.xTickCount
                0x100000ec        0x4 ./freeRTOS/src/tasks.o
 .bss.uxTopReadyPriority
                0x100000f0        0x4 ./freeRTOS/src/tasks.o
 .bss.xSchedulerRunning
                0x100000f4        0x4 ./freeRTOS/src/tasks.o
 .bss.uxPendedTicks
                0x100000f8        0x4 ./freeRTOS/src/tasks.o
 .bss.xYieldPending
                0x100000fc        0x4 ./freeRTOS/src/tasks.o
 .bss.xNumOfOverflows
                0x10000100        0x4 ./freeRTOS/src/tasks.o
 .bss.uxTaskNumber
                0x10000104        0x4 ./freeRTOS/src/tasks.o
 .bss.xNextTaskUnblockTime
                0x10000108        0x4 ./freeRTOS/src/tasks.o
 .bss.xIdleTaskHandle
                0x1000010c        0x4 ./freeRTOS/src/tasks.o
 .bss.uxSchedulerSuspended
                0x10000110        0x4 ./freeRTOS/src/tasks.o
 .bss.Semaforo_1
                0x10000114        0x4 ./Example/src/FRTOS.o
                0x10000114                Semaforo_1
 .bss.__end_of_heap
                0x10000118        0x4 c:/nxp/mcuxpressoide_10.1.1_606/ide/tools/bin/../lib/gcc/arm-none-eabi/6.3.1/../../../../arm-none-eabi/lib/thumb/v7-m\libcr_c.a(__init_alloc.o)
                0x10000118                __end_of_heap
 .bss.__heaps   0x1000011c        0x4 c:/nxp/mcuxpressoide_10.1.1_606/ide/tools/bin/../lib/gcc/arm-none-eabi/6.3.1/../../../../arm-none-eabi/lib/thumb/v7-m\libcr_c.a(__init_alloc.o)
                0x1000011c                __heaps
 .bss.errno     0x10000120        0x4 c:/nxp/mcuxpressoide_10.1.1_606/ide/tools/bin/../lib/gcc/arm-none-eabi/6.3.1/../../../../arm-none-eabi/lib/thumb/v7-m\libcr_c.a(errno.o)
                0x10000120                errno
 .bss.__Ciob    0x10000124      0x1e0 c:/nxp/mcuxpressoide_10.1.1_606/ide/tools/bin/../lib/gcc/arm-none-eabi/6.3.1/../../../../arm-none-eabi/lib/thumb/v7-m\libcr_semihost.a(__ciob.o)
                0x10000124                __Ciob
 *(COMMON)
 COMMON         0x10000304        0x4 C:\Users\unknown\git\lpc_chip_175x_6x\Debug\liblpc_chip_175x_6x.a(chip_17xx_40xx.o)
                0x10000304                SystemCoreClock
                0x10000308                . = ALIGN (0x4)
                0x10000308                _ebss = .
                [!provide]                PROVIDE (end, .)

.noinit_RAM2    0x2007c000        0x0
 *(.noinit.$RAM2*)
 *(.noinit.$RamAHB32*)
                0x2007c000                . = ALIGN (0x4)

.noinit         0x10000308        0x0
                0x10000308                _noinit = .
 *(.noinit*)
                0x10000308                . = ALIGN (0x4)
                0x10000308                _end_noinit = .
                0x10000308                PROVIDE (_pvHeapStart, DEFINED (__user_heap_base)?__user_heap_base:.)
                0x10008000                PROVIDE (_vStackTop, DEFINED (__user_stack_top)?__user_stack_top:(__top_RamLoc32 - 0x0))
                0xefff74de                PROVIDE (__valid_user_code_checksum, (0x0 - ((((((_vStackTop + (ResetISR + 0x1)) + (NMI_Handler + 0x1)) + (HardFault_Handler + 0x1)) + (DEFINED (MemManage_Handler)?MemManage_Handler:0x0 + 0x1)) + (DEFINED (BusFault_Handler)?BusFault_Handler:0x0 + 0x1)) + (DEFINED (UsageFault_Handler)?UsageFault_Handler:0x0 + 0x1))))
                0x00000000                _image_start = LOADADDR (.text)
                0x00002ef0                _image_end = (LOADADDR (.data) + SIZEOF (.data))
                0x00002ef0                _image_size = (_image_end - _image_start)
OUTPUT(Dimmer.axf elf32-littlearm)

.debug_info     0x00000000     0x605f
 .debug_info    0x00000000      0x25e ./freeRTOS/src/FreeRTOSCommonHooks.o
 .debug_info    0x0000025e      0x132 ./freeRTOS/src/heap_3.o
 .debug_info    0x00000390      0x2d6 ./freeRTOS/src/list.o
 .debug_info    0x00000666      0x3e7 ./freeRTOS/src/port.o
 .debug_info    0x00000a4d      0xf58 ./freeRTOS/src/queue.o
 .debug_info    0x000019a5     0x19ae ./freeRTOS/src/tasks.o
 .debug_info    0x00003353      0xbe6 ./Example/src/FRTOS.o
 .debug_info    0x00003f39      0x25c ./Example/src/cr_startup_lpc175x_6x.o
 .debug_info    0x00004195      0x200 ./Example/src/sysinit.o
 .debug_info    0x00004395      0x55a C:\Users\unknown\git\lpc_chip_175x_6x\Debug\liblpc_chip_175x_6x.a(chip_17xx_40xx.o)
 .debug_info    0x000048ef      0xba2 C:\Users\unknown\git\lpc_chip_175x_6x\Debug\liblpc_chip_175x_6x.a(clock_17xx_40xx.o)
 .debug_info    0x00005491      0x325 C:\Users\unknown\git\lpc_chip_175x_6x\Debug\liblpc_chip_175x_6x.a(iocon_17xx_40xx.o)
 .debug_info    0x000057b6      0x479 C:\Users\unknown\git\lpc_chip_175x_6x\Debug\liblpc_chip_175x_6x.a(sysinit_17xx_40xx.o)
 .debug_info    0x00005c2f      0x430 C:\Users\unknown\git\lpc_chip_175x_6x\Debug\liblpc_chip_175x_6x.a(timer_17xx_40xx.o)

.debug_abbrev   0x00000000     0x17f1
 .debug_abbrev  0x00000000      0x17b ./freeRTOS/src/FreeRTOSCommonHooks.o
 .debug_abbrev  0x0000017b       0xe2 ./freeRTOS/src/heap_3.o
 .debug_abbrev  0x0000025d      0x112 ./freeRTOS/src/list.o
 .debug_abbrev  0x0000036f      0x231 ./freeRTOS/src/port.o
 .debug_abbrev  0x000005a0      0x242 ./freeRTOS/src/queue.o
 .debug_abbrev  0x000007e2      0x2fc ./freeRTOS/src/tasks.o
 .debug_abbrev  0x00000ade      0x295 ./Example/src/FRTOS.o
 .debug_abbrev  0x00000d73      0x114 ./Example/src/cr_startup_lpc175x_6x.o
 .debug_abbrev  0x00000e87       0xdb ./Example/src/sysinit.o
 .debug_abbrev  0x00000f62      0x14d C:\Users\unknown\git\lpc_chip_175x_6x\Debug\liblpc_chip_175x_6x.a(chip_17xx_40xx.o)
 .debug_abbrev  0x000010af      0x301 C:\Users\unknown\git\lpc_chip_175x_6x\Debug\liblpc_chip_175x_6x.a(clock_17xx_40xx.o)
 .debug_abbrev  0x000013b0      0x14a C:\Users\unknown\git\lpc_chip_175x_6x\Debug\liblpc_chip_175x_6x.a(iocon_17xx_40xx.o)
 .debug_abbrev  0x000014fa      0x18a C:\Users\unknown\git\lpc_chip_175x_6x\Debug\liblpc_chip_175x_6x.a(sysinit_17xx_40xx.o)
 .debug_abbrev  0x00001684      0x16d C:\Users\unknown\git\lpc_chip_175x_6x\Debug\liblpc_chip_175x_6x.a(timer_17xx_40xx.o)

.debug_aranges  0x00000000      0x7a8
 .debug_aranges
                0x00000000       0x40 ./freeRTOS/src/FreeRTOSCommonHooks.o
 .debug_aranges
                0x00000040       0x28 ./freeRTOS/src/heap_3.o
 .debug_aranges
                0x00000068       0x40 ./freeRTOS/src/list.o
 .debug_aranges
                0x000000a8       0x78 ./freeRTOS/src/port.o
 .debug_aranges
                0x00000120      0x110 ./freeRTOS/src/queue.o
 .debug_aranges
                0x00000230      0x1e8 ./freeRTOS/src/tasks.o
 .debug_aranges
                0x00000418       0xc8 ./Example/src/FRTOS.o
 .debug_aranges
                0x000004e0       0x80 ./Example/src/cr_startup_lpc175x_6x.o
 .debug_aranges
                0x00000560       0x20 ./Example/src/sysinit.o
 .debug_aranges
                0x00000580       0x38 C:\Users\unknown\git\lpc_chip_175x_6x\Debug\liblpc_chip_175x_6x.a(chip_17xx_40xx.o)
 .debug_aranges
                0x000005b8      0x120 C:\Users\unknown\git\lpc_chip_175x_6x\Debug\liblpc_chip_175x_6x.a(clock_17xx_40xx.o)
 .debug_aranges
                0x000006d8       0x30 C:\Users\unknown\git\lpc_chip_175x_6x\Debug\liblpc_chip_175x_6x.a(iocon_17xx_40xx.o)
 .debug_aranges
                0x00000708       0x60 C:\Users\unknown\git\lpc_chip_175x_6x\Debug\liblpc_chip_175x_6x.a(sysinit_17xx_40xx.o)
 .debug_aranges
                0x00000768       0x40 C:\Users\unknown\git\lpc_chip_175x_6x\Debug\liblpc_chip_175x_6x.a(timer_17xx_40xx.o)

.debug_ranges   0x00000000      0x6c8
 .debug_ranges  0x00000000       0x30 ./freeRTOS/src/FreeRTOSCommonHooks.o
 .debug_ranges  0x00000030       0x18 ./freeRTOS/src/heap_3.o
 .debug_ranges  0x00000048       0x30 ./freeRTOS/src/list.o
 .debug_ranges  0x00000078       0x68 ./freeRTOS/src/port.o
 .debug_ranges  0x000000e0      0x100 ./freeRTOS/src/queue.o
 .debug_ranges  0x000001e0      0x1d8 ./freeRTOS/src/tasks.o
 .debug_ranges  0x000003b8       0xb8 ./Example/src/FRTOS.o
 .debug_ranges  0x00000470       0x70 ./Example/src/cr_startup_lpc175x_6x.o
 .debug_ranges  0x000004e0       0x10 ./Example/src/sysinit.o
 .debug_ranges  0x000004f0       0x28 C:\Users\unknown\git\lpc_chip_175x_6x\Debug\liblpc_chip_175x_6x.a(chip_17xx_40xx.o)
 .debug_ranges  0x00000518      0x110 C:\Users\unknown\git\lpc_chip_175x_6x\Debug\liblpc_chip_175x_6x.a(clock_17xx_40xx.o)
 .debug_ranges  0x00000628       0x20 C:\Users\unknown\git\lpc_chip_175x_6x\Debug\liblpc_chip_175x_6x.a(iocon_17xx_40xx.o)
 .debug_ranges  0x00000648       0x50 C:\Users\unknown\git\lpc_chip_175x_6x\Debug\liblpc_chip_175x_6x.a(sysinit_17xx_40xx.o)
 .debug_ranges  0x00000698       0x30 C:\Users\unknown\git\lpc_chip_175x_6x\Debug\liblpc_chip_175x_6x.a(timer_17xx_40xx.o)

.debug_macro    0x00000000     0x6279
 .debug_macro   0x00000000      0x268 ./freeRTOS/src/FreeRTOSCommonHooks.o
 .debug_macro   0x00000268      0x8d4 ./freeRTOS/src/FreeRTOSCommonHooks.o
 .debug_macro   0x00000b3c       0x10 ./freeRTOS/src/FreeRTOSCommonHooks.o
 .debug_macro   0x00000b4c      0x12d ./freeRTOS/src/FreeRTOSCommonHooks.o
 .debug_macro   0x00000c79       0x16 ./freeRTOS/src/FreeRTOSCommonHooks.o
 .debug_macro   0x00000c8f      0x5b2 ./freeRTOS/src/FreeRTOSCommonHooks.o
 .debug_macro   0x00001241       0xe8 ./freeRTOS/src/FreeRTOSCommonHooks.o
 .debug_macro   0x00001329      0x168 ./freeRTOS/src/FreeRTOSCommonHooks.o
 .debug_macro   0x00001491       0xe4 ./freeRTOS/src/FreeRTOSCommonHooks.o
 .debug_macro   0x00001575       0x10 ./freeRTOS/src/FreeRTOSCommonHooks.o
 .debug_macro   0x00001585       0x1f ./freeRTOS/src/FreeRTOSCommonHooks.o
 .debug_macro   0x000015a4      0x3f3 ./freeRTOS/src/FreeRTOSCommonHooks.o
 .debug_macro   0x00001997       0xc0 ./freeRTOS/src/FreeRTOSCommonHooks.o
 .debug_macro   0x00001a57       0x8c ./freeRTOS/src/FreeRTOSCommonHooks.o
 .debug_macro   0x00001ae3       0x22 ./freeRTOS/src/FreeRTOSCommonHooks.o
 .debug_macro   0x00001b05       0x74 ./freeRTOS/src/FreeRTOSCommonHooks.o
 .debug_macro   0x00001b79       0x10 ./freeRTOS/src/FreeRTOSCommonHooks.o
 .debug_macro   0x00001b89       0x2d ./freeRTOS/src/FreeRTOSCommonHooks.o
 .debug_macro   0x00001bb6       0x3a ./freeRTOS/src/FreeRTOSCommonHooks.o
 .debug_macro   0x00001bf0       0x2d ./freeRTOS/src/FreeRTOSCommonHooks.o
 .debug_macro   0x00001c1d      0xbb1 ./freeRTOS/src/FreeRTOSCommonHooks.o
 .debug_macro   0x000027ce       0x58 ./freeRTOS/src/FreeRTOSCommonHooks.o
 .debug_macro   0x00002826      0x230 ./freeRTOS/src/FreeRTOSCommonHooks.o
 .debug_macro   0x00002a56       0x42 ./freeRTOS/src/FreeRTOSCommonHooks.o
 .debug_macro   0x00002a98       0x52 ./freeRTOS/src/FreeRTOSCommonHooks.o
 .debug_macro   0x00002aea       0x78 ./freeRTOS/src/FreeRTOSCommonHooks.o
 .debug_macro   0x00002b62       0x82 ./freeRTOS/src/FreeRTOSCommonHooks.o
 .debug_macro   0x00002be4      0x48c ./freeRTOS/src/FreeRTOSCommonHooks.o
 .debug_macro   0x00003070       0x34 ./freeRTOS/src/FreeRTOSCommonHooks.o
 .debug_macro   0x000030a4      0x4c5 ./freeRTOS/src/FreeRTOSCommonHooks.o
 .debug_macro   0x00003569      0x1b7 ./freeRTOS/src/FreeRTOSCommonHooks.o
 .debug_macro   0x00003720       0x10 ./freeRTOS/src/FreeRTOSCommonHooks.o
 .debug_macro   0x00003730      0x21b ./freeRTOS/src/FreeRTOSCommonHooks.o
 .debug_macro   0x0000394b      0x1b9 ./freeRTOS/src/FreeRTOSCommonHooks.o
 .debug_macro   0x00003b04       0x40 ./freeRTOS/src/FreeRTOSCommonHooks.o
 .debug_macro   0x00003b44       0x22 ./freeRTOS/src/FreeRTOSCommonHooks.o
 .debug_macro   0x00003b66      0x162 ./freeRTOS/src/FreeRTOSCommonHooks.o
 .debug_macro   0x00003cc8       0x94 ./freeRTOS/src/FreeRTOSCommonHooks.o
 .debug_macro   0x00003d5c       0xb8 ./freeRTOS/src/FreeRTOSCommonHooks.o
 .debug_macro   0x00003e14       0x4c ./freeRTOS/src/FreeRTOSCommonHooks.o
 .debug_macro   0x00003e60       0x16 ./freeRTOS/src/FreeRTOSCommonHooks.o
 .debug_macro   0x00003e76      0x328 ./freeRTOS/src/FreeRTOSCommonHooks.o
 .debug_macro   0x0000419e       0x49 ./freeRTOS/src/FreeRTOSCommonHooks.o
 .debug_macro   0x000041e7       0x16 ./freeRTOS/src/FreeRTOSCommonHooks.o
 .debug_macro   0x000041fd       0xca ./freeRTOS/src/FreeRTOSCommonHooks.o
 .debug_macro   0x000042c7       0x11 ./freeRTOS/src/FreeRTOSCommonHooks.o
 .debug_macro   0x000042d8       0xd4 ./freeRTOS/src/heap_3.o
 .debug_macro   0x000043ac       0xb9 ./freeRTOS/src/list.o
 .debug_macro   0x00004465      0x159 ./freeRTOS/src/port.o
 .debug_macro   0x000045be      0x122 ./freeRTOS/src/queue.o
 .debug_macro   0x000046e0       0x94 ./freeRTOS/src/queue.o
 .debug_macro   0x00004774      0x185 ./freeRTOS/src/tasks.o
 .debug_macro   0x000048f9       0x11 ./freeRTOS/src/tasks.o
 .debug_macro   0x0000490a      0x2a7 ./Example/src/FRTOS.o
 .debug_macro   0x00004bb1       0x7b ./Example/src/FRTOS.o
 .debug_macro   0x00004c2c       0x18 ./Example/src/FRTOS.o
 .debug_macro   0x00004c44       0x10 ./Example/src/FRTOS.o
 .debug_macro   0x00004c54       0xe8 ./Example/src/FRTOS.o
 .debug_macro   0x00004d3c       0x78 ./Example/src/FRTOS.o
 .debug_macro   0x00004db4       0x82 ./Example/src/FRTOS.o
 .debug_macro   0x00004e36       0x1d ./Example/src/cr_startup_lpc175x_6x.o
 .debug_macro   0x00004e53      0x1e6 ./Example/src/sysinit.o
 .debug_macro   0x00005039      0x1e6 C:\Users\unknown\git\lpc_chip_175x_6x\Debug\liblpc_chip_175x_6x.a(chip_17xx_40xx.o)
 .debug_macro   0x0000521f      0x8c2 C:\Users\unknown\git\lpc_chip_175x_6x\Debug\liblpc_chip_175x_6x.a(chip_17xx_40xx.o)
 .debug_macro   0x00005ae1      0x1e6 C:\Users\unknown\git\lpc_chip_175x_6x\Debug\liblpc_chip_175x_6x.a(clock_17xx_40xx.o)
 .debug_macro   0x00005cc7      0x1e6 C:\Users\unknown\git\lpc_chip_175x_6x\Debug\liblpc_chip_175x_6x.a(iocon_17xx_40xx.o)
 .debug_macro   0x00005ead      0x1e6 C:\Users\unknown\git\lpc_chip_175x_6x\Debug\liblpc_chip_175x_6x.a(sysinit_17xx_40xx.o)
 .debug_macro   0x00006093      0x1e6 C:\Users\unknown\git\lpc_chip_175x_6x\Debug\liblpc_chip_175x_6x.a(timer_17xx_40xx.o)

.debug_line     0x00000000     0x441a
 .debug_line    0x00000000      0x587 ./freeRTOS/src/FreeRTOSCommonHooks.o
 .debug_line    0x00000587      0x225 ./freeRTOS/src/heap_3.o
 .debug_line    0x000007ac      0x273 ./freeRTOS/src/list.o
 .debug_line    0x00000a1f      0x34c ./freeRTOS/src/port.o
 .debug_line    0x00000d6b      0x66b ./freeRTOS/src/queue.o
 .debug_line    0x000013d6      0xbb6 ./freeRTOS/src/tasks.o
 .debug_line    0x00001f8c      0x77a ./Example/src/FRTOS.o
 .debug_line    0x00002706       0xdb ./Example/src/cr_startup_lpc175x_6x.o
 .debug_line    0x000027e1      0x3fb ./Example/src/sysinit.o
 .debug_line    0x00002bdc      0x443 C:\Users\unknown\git\lpc_chip_175x_6x\Debug\liblpc_chip_175x_6x.a(chip_17xx_40xx.o)
 .debug_line    0x0000301f      0x6bf C:\Users\unknown\git\lpc_chip_175x_6x\Debug\liblpc_chip_175x_6x.a(clock_17xx_40xx.o)
 .debug_line    0x000036de      0x42f C:\Users\unknown\git\lpc_chip_175x_6x\Debug\liblpc_chip_175x_6x.a(iocon_17xx_40xx.o)
 .debug_line    0x00003b0d      0x4b9 C:\Users\unknown\git\lpc_chip_175x_6x\Debug\liblpc_chip_175x_6x.a(sysinit_17xx_40xx.o)
 .debug_line    0x00003fc6      0x454 C:\Users\unknown\git\lpc_chip_175x_6x\Debug\liblpc_chip_175x_6x.a(timer_17xx_40xx.o)

.debug_str      0x00000000    0x195d8
 .debug_str     0x00000000    0x13ccc ./freeRTOS/src/FreeRTOSCommonHooks.o
                              0x13ddd (size before relaxing)
 .debug_str     0x00013ccc      0x103 ./freeRTOS/src/heap_3.o
                               0x7290 (size before relaxing)
 .debug_str     0x00013dcf      0x139 ./freeRTOS/src/list.o
                               0x6da0 (size before relaxing)
 .debug_str     0x00013f08      0x75a ./freeRTOS/src/port.o
                               0x7973 (size before relaxing)
 .debug_str     0x00014662      0xf75 ./freeRTOS/src/queue.o
                               0x831c (size before relaxing)
 .debug_str     0x000155d7     0x1b51 ./freeRTOS/src/tasks.o
                               0x907a (size before relaxing)
 .debug_str     0x00017128     0x155e ./Example/src/FRTOS.o
                              0x15a91 (size before relaxing)
 .debug_str     0x00018686      0x1fb ./Example/src/cr_startup_lpc175x_6x.o
                               0x2782 (size before relaxing)
 .debug_str     0x00018881       0x23 ./Example/src/sysinit.o
                              0x109cd (size before relaxing)
 .debug_str     0x000188a4      0x244 C:\Users\unknown\git\lpc_chip_175x_6x\Debug\liblpc_chip_175x_6x.a(chip_17xx_40xx.o)
                              0x10dc3 (size before relaxing)
 .debug_str     0x00018ae8      0x857 C:\Users\unknown\git\lpc_chip_175x_6x\Debug\liblpc_chip_175x_6x.a(clock_17xx_40xx.o)
                              0x11441 (size before relaxing)
 .debug_str     0x0001933f       0xa4 C:\Users\unknown\git\lpc_chip_175x_6x\Debug\liblpc_chip_175x_6x.a(iocon_17xx_40xx.o)
                              0x108be (size before relaxing)
 .debug_str     0x000193e3       0xc4 C:\Users\unknown\git\lpc_chip_175x_6x\Debug\liblpc_chip_175x_6x.a(sysinit_17xx_40xx.o)
                              0x10aa6 (size before relaxing)
 .debug_str     0x000194a7      0x131 C:\Users\unknown\git\lpc_chip_175x_6x\Debug\liblpc_chip_175x_6x.a(timer_17xx_40xx.o)
                              0x10bef (size before relaxing)

.comment        0x00000000       0x7f
 .comment       0x00000000       0x7f ./freeRTOS/src/FreeRTOSCommonHooks.o
                                 0x80 (size before relaxing)
 .comment       0x0000007f       0x80 ./freeRTOS/src/heap_3.o
 .comment       0x0000007f       0x80 ./freeRTOS/src/list.o
 .comment       0x0000007f       0x80 ./freeRTOS/src/port.o
 .comment       0x0000007f       0x80 ./freeRTOS/src/queue.o
 .comment       0x0000007f       0x80 ./freeRTOS/src/tasks.o
 .comment       0x0000007f       0x80 ./Example/src/FRTOS.o
 .comment       0x0000007f       0x80 ./Example/src/cr_startup_lpc175x_6x.o
 .comment       0x0000007f       0x80 ./Example/src/sysinit.o
 .comment       0x0000007f       0x80 C:\Users\unknown\git\lpc_chip_175x_6x\Debug\liblpc_chip_175x_6x.a(chip_17xx_40xx.o)
 .comment       0x0000007f       0x80 C:\Users\unknown\git\lpc_chip_175x_6x\Debug\liblpc_chip_175x_6x.a(clock_17xx_40xx.o)
 .comment       0x0000007f       0x80 C:\Users\unknown\git\lpc_chip_175x_6x\Debug\liblpc_chip_175x_6x.a(iocon_17xx_40xx.o)
 .comment       0x0000007f       0x80 C:\Users\unknown\git\lpc_chip_175x_6x\Debug\liblpc_chip_175x_6x.a(sysinit_17xx_40xx.o)
 .comment       0x0000007f       0x80 C:\Users\unknown\git\lpc_chip_175x_6x\Debug\liblpc_chip_175x_6x.a(timer_17xx_40xx.o)
 .comment       0x0000007f       0x80 c:/nxp/mcuxpressoide_10.1.1_606/ide/tools/bin/../lib/gcc/arm-none-eabi/6.3.1/../../../../arm-none-eabi/lib/thumb/v7-m\libcr_semihost.a(_cr__main.o)
 .comment       0x0000007f       0x80 c:/nxp/mcuxpressoide_10.1.1_606/ide/tools/bin/../lib/gcc/arm-none-eabi/6.3.1/../../../../arm-none-eabi/lib/thumb/v7-m\libcr_c.a(memcpy.o)
 .comment       0x0000007f       0x80 c:/nxp/mcuxpressoide_10.1.1_606/ide/tools/bin/../lib/gcc/arm-none-eabi/6.3.1/../../../../arm-none-eabi/lib/thumb/v7-m\libcr_c.a(memset.o)
 .comment       0x0000007f       0x80 c:/nxp/mcuxpressoide_10.1.1_606/ide/tools/bin/../lib/gcc/arm-none-eabi/6.3.1/../../../../arm-none-eabi/lib/thumb/v7-m\libcr_c.a(alloc.o)
 .comment       0x0000007f       0x80 c:/nxp/mcuxpressoide_10.1.1_606/ide/tools/bin/../lib/gcc/arm-none-eabi/6.3.1/../../../../arm-none-eabi/lib/thumb/v7-m\libcr_c.a(initio.o)
 .comment       0x0000007f       0x80 c:/nxp/mcuxpressoide_10.1.1_606/ide/tools/bin/../lib/gcc/arm-none-eabi/6.3.1/../../../../arm-none-eabi/lib/thumb/v7-m\libcr_c.a(setvbuf.o)
 .comment       0x0000007f       0x80 c:/nxp/mcuxpressoide_10.1.1_606/ide/tools/bin/../lib/gcc/arm-none-eabi/6.3.1/../../../../arm-none-eabi/lib/thumb/v7-m\libcr_c.a(__init_alloc.o)
 .comment       0x0000007f       0x80 c:/nxp/mcuxpressoide_10.1.1_606/ide/tools/bin/../lib/gcc/arm-none-eabi/6.3.1/../../../../arm-none-eabi/lib/thumb/v7-m\libcr_c.a(_cr_sbrk.o)
 .comment       0x0000007f       0x80 c:/nxp/mcuxpressoide_10.1.1_606/ide/tools/bin/../lib/gcc/arm-none-eabi/6.3.1/../../../../arm-none-eabi/lib/thumb/v7-m\libcr_c.a(_fdopen.o)
 .comment       0x0000007f       0x80 c:/nxp/mcuxpressoide_10.1.1_606/ide/tools/bin/../lib/gcc/arm-none-eabi/6.3.1/../../../../arm-none-eabi/lib/thumb/v7-m\libcr_c.a(errno.o)
 .comment       0x0000007f       0x80 c:/nxp/mcuxpressoide_10.1.1_606/ide/tools/bin/../lib/gcc/arm-none-eabi/6.3.1/../../../../arm-none-eabi/lib/thumb/v7-m\libcr_c.a(fclose.o)
 .comment       0x0000007f       0x80 c:/nxp/mcuxpressoide_10.1.1_606/ide/tools/bin/../lib/gcc/arm-none-eabi/6.3.1/../../../../arm-none-eabi/lib/thumb/v7-m\libcr_c.a(fflush.o)
 .comment       0x0000007f       0x80 c:/nxp/mcuxpressoide_10.1.1_606/ide/tools/bin/../lib/gcc/arm-none-eabi/6.3.1/../../../../arm-none-eabi/lib/thumb/v7-m\libcr_c.a(fseek.o)
 .comment       0x0000007f       0x80 c:/nxp/mcuxpressoide_10.1.1_606/ide/tools/bin/../lib/gcc/arm-none-eabi/6.3.1/../../../../arm-none-eabi/lib/thumb/v7-m\libcr_c.a(ftell.o)
 .comment       0x0000007f       0x80 c:/nxp/mcuxpressoide_10.1.1_606/ide/tools/bin/../lib/gcc/arm-none-eabi/6.3.1/../../../../arm-none-eabi/lib/thumb/v7-m\libcr_c.a(remove.o)
 .comment       0x0000007f       0x80 c:/nxp/mcuxpressoide_10.1.1_606/ide/tools/bin/../lib/gcc/arm-none-eabi/6.3.1/../../../../arm-none-eabi/lib/thumb/v7-m\libcr_c.a(strlen.o)
 .comment       0x0000007f       0x80 c:/nxp/mcuxpressoide_10.1.1_606/ide/tools/bin/../lib/gcc/arm-none-eabi/6.3.1/../../../../arm-none-eabi/lib/thumb/v7-m\libcr_c.a(_cr_check_heap.o)
 .comment       0x0000007f       0x80 c:/nxp/mcuxpressoide_10.1.1_606/ide/tools/bin/../lib/gcc/arm-none-eabi/6.3.1/../../../../arm-none-eabi/lib/thumb/v7-m\libcr_c.a(_do_fflush.o)
 .comment       0x0000007f       0x80 c:/nxp/mcuxpressoide_10.1.1_606/ide/tools/bin/../lib/gcc/arm-none-eabi/6.3.1/../../../../arm-none-eabi/lib/thumb/v7-m\libcr_c.a(_fflush.o)
 .comment       0x0000007f       0x80 c:/nxp/mcuxpressoide_10.1.1_606/ide/tools/bin/../lib/gcc/arm-none-eabi/6.3.1/../../../../arm-none-eabi/lib/thumb/v7-m\libcr_c.a(_writebuf.o)
 .comment       0x0000007f       0x80 c:/nxp/mcuxpressoide_10.1.1_606/ide/tools/bin/../lib/gcc/arm-none-eabi/6.3.1/../../../../arm-none-eabi/lib/thumb/v7-m\libcr_c.a(_deferredlazyseek.o)
 .comment       0x0000007f       0x80 c:/nxp/mcuxpressoide_10.1.1_606/ide/tools/bin/../lib/gcc/arm-none-eabi/6.3.1/../../../../arm-none-eabi/lib/thumb/v7-m\libcr_semihost.a(__ciob.o)

.ARM.attributes
                0x00000000       0x31
 .ARM.attributes
                0x00000000       0x33 ./freeRTOS/src/FreeRTOSCommonHooks.o
 .ARM.attributes
                0x00000033       0x33 ./freeRTOS/src/heap_3.o
 .ARM.attributes
                0x00000066       0x33 ./freeRTOS/src/list.o
 .ARM.attributes
                0x00000099       0x33 ./freeRTOS/src/port.o
 .ARM.attributes
                0x000000cc       0x33 ./freeRTOS/src/queue.o
 .ARM.attributes
                0x000000ff       0x33 ./freeRTOS/src/tasks.o
 .ARM.attributes
                0x00000132       0x33 ./Example/src/FRTOS.o
 .ARM.attributes
                0x00000165       0x33 ./Example/src/cr_startup_lpc175x_6x.o
 .ARM.attributes
                0x00000198       0x33 ./Example/src/sysinit.o
 .ARM.attributes
                0x000001cb       0x33 C:\Users\unknown\git\lpc_chip_175x_6x\Debug\liblpc_chip_175x_6x.a(chip_17xx_40xx.o)
 .ARM.attributes
                0x000001fe       0x33 C:\Users\unknown\git\lpc_chip_175x_6x\Debug\liblpc_chip_175x_6x.a(clock_17xx_40xx.o)
 .ARM.attributes
                0x00000231       0x33 C:\Users\unknown\git\lpc_chip_175x_6x\Debug\liblpc_chip_175x_6x.a(iocon_17xx_40xx.o)
 .ARM.attributes
                0x00000264       0x33 C:\Users\unknown\git\lpc_chip_175x_6x\Debug\liblpc_chip_175x_6x.a(sysinit_17xx_40xx.o)
 .ARM.attributes
                0x00000297       0x33 C:\Users\unknown\git\lpc_chip_175x_6x\Debug\liblpc_chip_175x_6x.a(timer_17xx_40xx.o)
 .ARM.attributes
                0x000002ca       0x33 c:/nxp/mcuxpressoide_10.1.1_606/ide/tools/bin/../lib/gcc/arm-none-eabi/6.3.1/../../../../arm-none-eabi/lib/thumb/v7-m\libcr_semihost.a(_cr__main.o)
 .ARM.attributes
                0x000002fd       0x33 c:/nxp/mcuxpressoide_10.1.1_606/ide/tools/bin/../lib/gcc/arm-none-eabi/6.3.1/../../../../arm-none-eabi/lib/thumb/v7-m\libcr_c.a(memcpy.o)
 .ARM.attributes
                0x00000330       0x33 c:/nxp/mcuxpressoide_10.1.1_606/ide/tools/bin/../lib/gcc/arm-none-eabi/6.3.1/../../../../arm-none-eabi/lib/thumb/v7-m\libcr_c.a(memset.o)
 .ARM.attributes
                0x00000363       0x33 c:/nxp/mcuxpressoide_10.1.1_606/ide/tools/bin/../lib/gcc/arm-none-eabi/6.3.1/../../../../arm-none-eabi/lib/thumb/v7-m\libcr_c.a(alloc.o)
 .ARM.attributes
                0x00000396       0x33 c:/nxp/mcuxpressoide_10.1.1_606/ide/tools/bin/../lib/gcc/arm-none-eabi/6.3.1/../../../../arm-none-eabi/lib/thumb/v7-m\libcr_c.a(initio.o)
 .ARM.attributes
                0x000003c9       0x33 c:/nxp/mcuxpressoide_10.1.1_606/ide/tools/bin/../lib/gcc/arm-none-eabi/6.3.1/../../../../arm-none-eabi/lib/thumb/v7-m\libcr_c.a(setvbuf.o)
 .ARM.attributes
                0x000003fc       0x33 c:/nxp/mcuxpressoide_10.1.1_606/ide/tools/bin/../lib/gcc/arm-none-eabi/6.3.1/../../../../arm-none-eabi/lib/thumb/v7-m\libcr_c.a(__init_alloc.o)
 .ARM.attributes
                0x0000042f       0x33 c:/nxp/mcuxpressoide_10.1.1_606/ide/tools/bin/../lib/gcc/arm-none-eabi/6.3.1/../../../../arm-none-eabi/lib/thumb/v7-m\libcr_c.a(_cr_sbrk.o)
 .ARM.attributes
                0x00000462       0x33 c:/nxp/mcuxpressoide_10.1.1_606/ide/tools/bin/../lib/gcc/arm-none-eabi/6.3.1/../../../../arm-none-eabi/lib/thumb/v7-m\libcr_c.a(_fdopen.o)
 .ARM.attributes
                0x00000495       0x33 c:/nxp/mcuxpressoide_10.1.1_606/ide/tools/bin/../lib/gcc/arm-none-eabi/6.3.1/../../../../arm-none-eabi/lib/thumb/v7-m\libcr_c.a(errno.o)
 .ARM.attributes
                0x000004c8       0x33 c:/nxp/mcuxpressoide_10.1.1_606/ide/tools/bin/../lib/gcc/arm-none-eabi/6.3.1/../../../../arm-none-eabi/lib/thumb/v7-m\libcr_c.a(fclose.o)
 .ARM.attributes
                0x000004fb       0x33 c:/nxp/mcuxpressoide_10.1.1_606/ide/tools/bin/../lib/gcc/arm-none-eabi/6.3.1/../../../../arm-none-eabi/lib/thumb/v7-m\libcr_c.a(fflush.o)
 .ARM.attributes
                0x0000052e       0x33 c:/nxp/mcuxpressoide_10.1.1_606/ide/tools/bin/../lib/gcc/arm-none-eabi/6.3.1/../../../../arm-none-eabi/lib/thumb/v7-m\libcr_c.a(fseek.o)
 .ARM.attributes
                0x00000561       0x33 c:/nxp/mcuxpressoide_10.1.1_606/ide/tools/bin/../lib/gcc/arm-none-eabi/6.3.1/../../../../arm-none-eabi/lib/thumb/v7-m\libcr_c.a(ftell.o)
 .ARM.attributes
                0x00000594       0x33 c:/nxp/mcuxpressoide_10.1.1_606/ide/tools/bin/../lib/gcc/arm-none-eabi/6.3.1/../../../../arm-none-eabi/lib/thumb/v7-m\libcr_c.a(remove.o)
 .ARM.attributes
                0x000005c7       0x33 c:/nxp/mcuxpressoide_10.1.1_606/ide/tools/bin/../lib/gcc/arm-none-eabi/6.3.1/../../../../arm-none-eabi/lib/thumb/v7-m\libcr_c.a(strlen.o)
 .ARM.attributes
                0x000005fa       0x33 c:/nxp/mcuxpressoide_10.1.1_606/ide/tools/bin/../lib/gcc/arm-none-eabi/6.3.1/../../../../arm-none-eabi/lib/thumb/v7-m\libcr_c.a(_cr_check_heap.o)
 .ARM.attributes
                0x0000062d       0x33 c:/nxp/mcuxpressoide_10.1.1_606/ide/tools/bin/../lib/gcc/arm-none-eabi/6.3.1/../../../../arm-none-eabi/lib/thumb/v7-m\libcr_c.a(_do_fflush.o)
 .ARM.attributes
                0x00000660       0x33 c:/nxp/mcuxpressoide_10.1.1_606/ide/tools/bin/../lib/gcc/arm-none-eabi/6.3.1/../../../../arm-none-eabi/lib/thumb/v7-m\libcr_c.a(_fflush.o)
 .ARM.attributes
                0x00000693       0x33 c:/nxp/mcuxpressoide_10.1.1_606/ide/tools/bin/../lib/gcc/arm-none-eabi/6.3.1/../../../../arm-none-eabi/lib/thumb/v7-m\libcr_c.a(_writebuf.o)
 .ARM.attributes
                0x000006c6       0x33 c:/nxp/mcuxpressoide_10.1.1_606/ide/tools/bin/../lib/gcc/arm-none-eabi/6.3.1/../../../../arm-none-eabi/lib/thumb/v7-m\libcr_c.a(_deferredlazyseek.o)
 .ARM.attributes
                0x000006f9       0x21 c:/nxp/mcuxpressoide_10.1.1_606/ide/tools/bin/../lib/gcc/arm-none-eabi/6.3.1/thumb/v7-m\libcr_eabihelpers.a(memcpy.o)
 .ARM.attributes
                0x0000071a       0x33 c:/nxp/mcuxpressoide_10.1.1_606/ide/tools/bin/../lib/gcc/arm-none-eabi/6.3.1/../../../../arm-none-eabi/lib/thumb/v7-m\libcr_semihost.a(__ciob.o)
 .ARM.attributes
                0x0000074d       0x21 c:/nxp/mcuxpressoide_10.1.1_606/ide/tools/bin/../lib/gcc/arm-none-eabi/6.3.1/../../../../arm-none-eabi/lib/thumb/v7-m\libcr_semihost.a(__sys_close.o)
 .ARM.attributes
                0x0000076e       0x21 c:/nxp/mcuxpressoide_10.1.1_606/ide/tools/bin/../lib/gcc/arm-none-eabi/6.3.1/../../../../arm-none-eabi/lib/thumb/v7-m\libcr_semihost.a(__sys_flen.o)
 .ARM.attributes
                0x0000078f       0x21 c:/nxp/mcuxpressoide_10.1.1_606/ide/tools/bin/../lib/gcc/arm-none-eabi/6.3.1/../../../../arm-none-eabi/lib/thumb/v7-m\libcr_semihost.a(__sys_istty.o)
 .ARM.attributes
                0x000007b0       0x21 c:/nxp/mcuxpressoide_10.1.1_606/ide/tools/bin/../lib/gcc/arm-none-eabi/6.3.1/../../../../arm-none-eabi/lib/thumb/v7-m\libcr_semihost.a(__sys_remove.o)
 .ARM.attributes
                0x000007d1       0x21 c:/nxp/mcuxpressoide_10.1.1_606/ide/tools/bin/../lib/gcc/arm-none-eabi/6.3.1/../../../../arm-none-eabi/lib/thumb/v7-m\libcr_semihost.a(__sys_seek.o)
 .ARM.attributes
                0x000007f2       0x21 c:/nxp/mcuxpressoide_10.1.1_606/ide/tools/bin/../lib/gcc/arm-none-eabi/6.3.1/../../../../arm-none-eabi/lib/thumb/v7-m\libcr_semihost.a(__sys_tmpnam.o)
 .ARM.attributes
                0x00000813       0x21 c:/nxp/mcuxpressoide_10.1.1_606/ide/tools/bin/../lib/gcc/arm-none-eabi/6.3.1/../../../../arm-none-eabi/lib/thumb/v7-m\libcr_semihost.a(__sys_write.o)

.debug_frame    0x00000000     0x1ce4
 .debug_frame   0x00000000       0xb4 ./freeRTOS/src/FreeRTOSCommonHooks.o
 .debug_frame   0x000000b4       0x58 ./freeRTOS/src/heap_3.o
 .debug_frame   0x0000010c       0xd8 ./freeRTOS/src/list.o
 .debug_frame   0x000001e4      0x178 ./freeRTOS/src/port.o
 .debug_frame   0x0000035c      0x498 ./freeRTOS/src/queue.o
 .debug_frame   0x000007f4      0x864 ./freeRTOS/src/tasks.o
 .debug_frame   0x00001058      0x354 ./Example/src/FRTOS.o
 .debug_frame   0x000013ac      0x170 ./Example/src/cr_startup_lpc175x_6x.o
 .debug_frame   0x0000151c       0x34 ./Example/src/sysinit.o
 .debug_frame   0x00001550       0x88 C:\Users\unknown\git\lpc_chip_175x_6x\Debug\liblpc_chip_175x_6x.a(chip_17xx_40xx.o)
 .debug_frame   0x000015d8      0x490 C:\Users\unknown\git\lpc_chip_175x_6x\Debug\liblpc_chip_175x_6x.a(clock_17xx_40xx.o)
 .debug_frame   0x00001a68       0x80 C:\Users\unknown\git\lpc_chip_175x_6x\Debug\liblpc_chip_175x_6x.a(iocon_17xx_40xx.o)
 .debug_frame   0x00001ae8      0x12c C:\Users\unknown\git\lpc_chip_175x_6x\Debug\liblpc_chip_175x_6x.a(sysinit_17xx_40xx.o)
 .debug_frame   0x00001c14       0xd0 C:\Users\unknown\git\lpc_chip_175x_6x\Debug\liblpc_chip_175x_6x.a(timer_17xx_40xx.o)
